STAT: jconf successfully finalized
STAT: *** loading AM00 _default
Stat: init_phmm: Reading in HMM definition
Stat: read_binhmm: binary format HMM definition
Stat: read_binhmm: this HMM does not need multipath handling
Stat: init_phmm: defined HMMs:    43
Stat: init_phmm: logical names:    43
Stat: init_phmm: base phones:    43 used in logical
Stat: init_phmm: finished reading HMM definitions
STAT: *** AM00 _default loaded
STAT: *** loading LM00 _default
STAT: reading [/workspace/scratch/cfae9046ae4e/ja-alignment/approved.dfa] and [/workspace/scratch/cfae9046ae4e/ja-alignment/approved.dict]...
Stat: init_voca: read 3 words
Error: gzfile: unable to open /workspace/scratch/cfae9046ae4e/ja-alignment/approved.dfa.forward
Error: init_dfa: failed to open /workspace/scratch/cfae9046ae4e/ja-alignment/approved.dfa.forward
STAT: done
STAT: Gram #0 approved registered
STAT: Gram #0 approved: new grammar loaded, now mash it up for recognition
STAT: Gram #0 approved: extracting category-pair constraint for the 1st pass
STAT: Gram #0 approved: installed
STAT: Gram #0 approved: turn on active
STAT: grammar update completed
STAT: *** LM00 _default loaded
STAT: ------
STAT: All models are ready, go for final fusion
STAT: [1] create MFCC extraction instance(s)
STAT: *** create MFCC calculation modules from AM
STAT: AM 0 _default: create a new module MFCC01
STAT: 1 MFCC modules created
STAT: [2] create recognition processing instance(s) with AM and LM
STAT: composing recognizer instance SR00 _default (AM00 _default, LM00 _default)
STAT: Building HMM lexicon tree
STAT: lexicon size: 126+0=126
STAT: coordination check passed
STAT: multi-gram: beam width set to 126 (guess) by lexicon change
STAT: wchmm (re)build completed
STAT: SR00 _default composed
STAT: [3] initialize for acoustic HMM calculation
Stat: outprob_init: state-level mixture PDFs, use calc_mix()
Stat: addlog: generating addlog table (size = 1953 kB)
Stat: addlog: addlog table generated
STAT: [4] prepare MFCC storage(s)
STAT: All init successfully done

STAT: ###### initialize input device
----------------------- System Information begin ---------------------
JuliusLib rev.4.6 (fast)

Engine specification:
 -  Base setup   : fast
 -  Supported LM : DFA, N-gram, Word
 -  Extension    :
 -  Compiled by  : gcc -O6 -fomit-frame-pointer -fPIC
Library configuration: version 4.6
 - Audio input
    primary A/D-in driver   : oss (Open Sound System compatible)
    available drivers       : oss
    wavefile formats        : RAW and WAV only
    max. length of an input : 320000 samples, 150 words
 - Language Model
    class N-gram support    : yes
    MBR weight support      : yes
    word id unit            : short (2 bytes)
 - Acoustic Model
    multi-path treatment    : autodetect
 - External library
    file decompression by   : zlib library
 - Process hangling
    fork on adinnet input   : no
 - built-in SIMD instruction set for DNN
    SSE AVX FMA
    FMA is available maximum on this cpu, use it
 - built-in CUDA support: no


------------------------------------------------------------
Configuration of Modules

 Number of defined modules: AM=1, LM=1, SR=1

 Acoustic Model (with input parameter spec.):
 - AM00 "_default"
	hmmfilename=./models/hmmdefs_monof_mix16_gid.binhmm

 Language Model:
 - LM00 "_default"
	grammar #1:
	    dfa  = /workspace/scratch/cfae9046ae4e/ja-alignment/approved.dfa
	    dict = /workspace/scratch/cfae9046ae4e/ja-alignment/approved.dict

 Recognizer:
 - SR00 "_default" (AM00, LM00)

------------------------------------------------------------
Speech Analysis Module(s)

[MFCC01]  for [AM00 _default]

 Acoustic analysis condition:
	       parameter = MFCC_E_D_N_Z (25 dim. from 12 cepstrum + energy, abs energy supressed with CMN)
	sample frequency = 16000 Hz
	   sample period =  625  (1 = 100ns)
	     window size =  400 samples (25.0 ms)
	     frame shift =  160 samples (10.0 ms)
	    pre-emphasis = 0.97
	    # filterbank = 24
	   cepst. lifter = 22
	      raw energy = False
	energy normalize = False
	    delta window = 2 frames (20.0 ms) around
	     hi freq cut = OFF
	     lo freq cut = OFF
	 zero mean frame = OFF
	       use power = OFF
	             CVN = OFF
	            VTLN = OFF

    spectral subtraction = off

 cep. mean normalization = yes, with per-utterance self mean
 cep. var. normalization = no

	 base setup from = Julius defaults

------------------------------------------------------------
Acoustic Model(s)

[AM00 "_default"]

 HMM Info:
    43 models, 129 states, 129 mpdfs, 2064 Gaussians are defined
	      model type = context dependency handling OFF
      training parameter = MFCC_E_N_D_Z
	   vector length = 25
	number of stream = 1
	     stream info = [0-24]
	cov. matrix type = DIAGC
	   duration type = NULLD
	max mixture size = 16 Gaussians
     max length of model = 5 states
     logical base phones = 43
       model skip trans. = not exist, no multi-path handling

 AM Parameters:
        Gaussian pruning = none (full computation)  (-gprune)
    short pause HMM name = "sp" specified, "sp" applied (physical)  (-sp)
  cross-word CD on pass1 = handle by approx. (use average prob. of same LC)

------------------------------------------------------------
Language Model(s)

[LM00 "_default"] type=grammar

 DFA grammar info:
      4 nodes, 3 arcs, 3 terminal(category) symbols
      category-pair matrix: 16 bytes (448 bytes allocated)

 Vocabulary Info:
        vocabulary size  = 3 words, 42 models
        average word len = 14.0 models, 42.0 states
       maximum state num = 120 nodes per word
       transparent words = not exist
       words under class = not exist

 Parameters:
   found sp category IDs =

------------------------------------------------------------
Recognizer(s)

[SR00 "_default"]  AM00 "_default"  +  LM00 "_default"

 Lexicon tree:
	 total node num =    126
	  root node num =      3
	  leaf node num =      3

	(-penalty1) IW penalty1 = +0.0
	(-penalty2) IW penalty2 = +0.0
	(-cmalpha)CM alpha coef = 0.050000

 Search parameters: 
	    multi-path handling = no
	(-b) trellis beam width = 126 (-1 or not specified - guessed)
	(-bs)score pruning thres= disabled
	(-n)search candidate num= 1
	(-s)  search stack size = 500
	(-m)    search overflow = after 2000 hypothesis poped
	        2nd pass method = searching sentence, generating N-best
	(-b2)  pass2 beam width = 30
	(-lookuprange)lookup range= 5  (tm-5 <= t <tm+5)
	(-sb)2nd scan beamthres = 80.0 (in logscore)
	(-n)        search till = 1 candidates found
	(-output)    and output = 1 candidates out of above
	 output phoneme alignments
	 all possible words will be expanded in 2nd pass
	 build_wchmm2() used
	 lcdset limited by word-pair constraint
	short pause segmentation = off
	fall back on search fail = off, returns search failure

------------------------------------------------------------
Decoding algorithm:

	1st pass input processing = buffered, batch
	1st pass method = 1-best approx. generating indexed trellis
	output word confidence measure based on search-time scores

------------------------------------------------------------
FrontEnd:

 Input stream:
	             input type = waveform
	           input source = waveform file
	          input filelist = (none, get file name from stdin)
	          sampling freq. = 16000 Hz required
	         threaded A/D-in = supported, off
	   zero frames stripping = on
	         silence cutting = off
	    long-term DC removal = off
	    level scaling factor = 1.00 (disabled)
	      reject short input = off
	      reject  long input = off

----------------------- System Information end -----------------------

Notice for feature extraction (01),
	*************************************************************
	* Cepstral mean normalization for batch decoding:           *
	* per-utterance mean will be computed and applied.          *
	*************************************************************

------
### read waveform input
Stat: adin_file: input speechfile: /workspace/scratch/cfae9046ae4e/ja-alignment/approved.wav
Warning: strip: sample 0-487 has zero value, stripped
Warning: strip: sample 489-545 has zero value, stripped
Warning: strip: sample 547-599 has zero value, stripped
STAT: 64298 samples (4.02 sec.)
STAT: ### speech analysis (waveform -> MFCC)
### Recognition: 1st pass (LR beam)
pass1_best: w_0 w_1 w_2
pass1_best_wordseq: 0 1 2
pass1_best_phonemeseq: silB | k o N n i ch i w a sp ky o: w a sp y u q k u r i i q p o z u ts u s u s u m i m a sh o: | silE
pass1_best_score: -11260.404297
### Recognition: 2nd pass (RL heuristic best-first)
STAT: 00 _default: 3 generated, 3 pushed, 4 nodes popped in 400
ALIGN: === phoneme alignment begin ===
sentence1: w_0 w_1 w_2
wseq1: 0 1 2
phseq1: silB | k o N n i ch i w a sp ky o: w a sp y u q k u r i i q p o z u ts u s u s u m i m a sh o: | silE
cmscore1: 1.000 1.000 1.000
score1: -11260.397461
=== begin forced alignment ===
-- phoneme alignment --
 id: from  to    n_score    unit
 ----------------------------------------
[   0    2]  -31.095793  silB
[   3    7]  -34.561207  k
[   8   15]  -33.104946  o
[  16   19]  -29.617889  N
[  20   27]  -28.886642  n
[  28   34]  -36.008335  i
[  35   42]  -30.044662  ch
[  43   45]  -30.505005  i
[  46   51]  -32.535931  w
[  52   68]  -30.239983  a
[  69  123]  -22.816778  sp
[ 124  131]  -28.707825  ky
[ 132  148]  -29.478804  o:
[ 149  155]  -30.271833  w
[ 156  169]  -31.743896  a
[ 170  198]  -24.332705  sp
[ 199  205]  -27.197195  y
[ 206  211]  -30.667398  u
[ 212  221]  -24.604931  q
[ 222  228]  -29.750278  k
[ 229  233]  -28.416210  u
[ 234  237]  -30.441040  r
[ 238  244]  -32.678570  i
[ 245  254]  -30.118261  i
[ 255  259]  -23.918360  q
[ 260  266]  -29.651855  p
[ 267  272]  -30.659750  o
[ 273  278]  -26.859131  z
[ 279  281]  -27.342447  u
[ 282  291]  -27.298681  ts
[ 292  294]  -26.470215  u
[ 295  303]  -31.705404  s
[ 304  306]  -32.796223  u
[ 307  318]  -28.992838  s
[ 319  321]  -32.012695  u
[ 322  326]  -27.863087  m
[ 327  331]  -26.442774  i
[ 332  336]  -26.855469  m
[ 337  339]  -27.294596  a
[ 340  353]  -32.279575  sh
[ 354  376]  -31.330969  o:
[ 377  399]  -22.692469  silE
re-computed AM score: -11260.404297
=== end forced alignment ===


------
### read waveform input
