  type: 'test'
  ...
# Subtest: http: no refund or automatic provider retry
ok 700 - http: no refund or automatic provider retry
  ---
  duration_ms: 61.52903
  type: 'test'
  ...
# Subtest: audio: no refund or automatic provider retry
ok 701 - audio: no refund or automatic provider retry
  ---
  duration_ms: 46.767624
  type: 'test'
  ...
# Subtest: expired/absent grants and altered text never generate; account deletion retains consumed slots
ok 702 - expired/absent grants and altered text never generate; account deletion retains consumed slots
  ---
  duration_ms: 52.554138
  type: 'test'
  ...
# Subtest: normal roles cannot read or consume grants; service role cannot add a fourth slot, reset expiry or delete receipts
ok 703 - normal roles cannot read or consume grants; service role cannot add a fourth slot, reset expiry or delete receipts
  ---
  duration_ms: 42.330083
  type: 'test'
  ...
1..703
# tests 703
# suites 0
# pass 703
# fail 0
# cancelled 0
# skipped 0
# todo 0
# duration_ms 26453.653045
